|__ unary_minus
    |-- unary_minus
    |   |-- 2
