Line 1 : Col 4 : Parser error :: Unacceptable token type
