|__ substraction
    |-- substraction
    |   |-- 1
    |   |__ 2
    |__ 3
