|__ addition
    |-- substraction
    |   |-- bitwise_and
    |   |   |-- 1e+15
    |   |   |__ 2
    |   |__ asd
    |__ division
        |-- {
        |__ 0
