|__ addition
    |-- 2
    |__ substraction
        |-- 1
        |__ 3
