Line 3 : Col 16 : Semantic error :: Division by zero
