Line 6 : Col 7 : Semantic error :: unacceptable operands in remainder operation
