Line 7 : Col 13 : Semantic error :: While condition should be 'integer' value
