Line 6 : Col 25 : Semantir error :: 'for' starting and finishing expressions should have 'integer' values
