Line 5 : Col 6 : Semantic error :: Id duplication
