Line 5 : Col 9 : Semantic error :: Unknown type identifier
