Line Col  Type           Value                         Original                      
1    6    Float          123.1                         123.1                         
1    6    End of file    EOF                                                         
