Line Col  Type           Value                         Original                      
1    8    Float          123.008                       123.008                       
1    8    End of file    EOF                                                         
