Line Col  Type           Value                         Original                      
1    7    Float          1230                          1230.000000                   
1    7    End of file    EOF                                                         
