Line Col  Type           Value                         Original                      
1    6    String         asd                           asd                           
1    6    End of file    EOF                                                         
