Line Col  Type           Value                         Original                      
1    5    Char           {                             {                             
1    5    End of file    EOF                                                         
