Line Col  Type           Value                         Original                      
1    16   String         h{world}                      h{world}                      
1    16   End of file    EOF                                                         
