Line Col  Type           Value                         Original                      
1    2    Separator      comma                         ,                             
Line 1 : Col 5 : Unknown symbol
