Line Col  Type           Value                         Original                      
1    3    Operator       assignment                    :=                            
1    5    Operator       dot                           .                             
1    5    End of file    EOF                                                         
