Line Col  Type           Value                         Original                      
1    2    Separator      colon                         :                             
1    3    Operator       addition                      +                             
1    4    Separator      parenthesis_open              (                             
1    5    Operator       substraction                  -                             
1    6    Separator      parenthesis_close             )                             
1    6    End of file    EOF                                                         
