Line Col  Type           Value                         Original                      
1    6    Id             hello                         hello                         
1    6    End of file    EOF                                                         
