Line Col  Type           Value                         Original                      
1    6    Id             hello                         hello                         
1    8    Int            1                             1                             
1    8    End of file    EOF                                                         
