Line Col  Type           Value                         Original                      
1    2    Separator      semicolon                     ;                             
1    2    End of file    EOF                                                         
