Line 14 : Col 5 : Parser error :: 'end' expected
