|__ program
    |-- abc //Program_heading
    |__ //Block
        |-- //Declaration part
        |   |-- var
        |   |   |-- a
        |   |   |   |__  : integer
        |   |   |__ i
        |   |       |__  : integer
        |__ //Statement part
            |__ //Statement sequence
                |-- if
                |   |-- strictly_greater_than
                |   |   |-- a
                |   |   |   |__  : integer
                |   |   |__ 0
                |   |-- if
                |   |   |-- strictly_less_than
                |   |   |   |-- a
                |   |   |   |   |__  : integer
                |   |   |   |__ 5
                |   |   |-- //Assignment_statement
                |   |   |   |-- a
                |   |   |   |   |__  : integer
                |   |   |   |__ 5
                |   |   |__ //Assignment_statement
                |   |       |-- a
                |   |       |   |__  : integer
                |   |       |__ 3
