|__ program
    |-- abc //Program_heading
    |__ //Block
        |-- //Declaration part
        |   |-- var
        |   |   |-- hello
        |   |   |   |__  : integer
        |__ //Statement part
            |__ //Statement sequence
